[transformers] PyTorch was not found. Models won't be available and only tokenizers, configuration and file/data utilities can be used.
{
  "quote_token": [
    1
  ],
  "methods": [
    {
      "method": "A",
      "bad": [],
      "last": {
        "generated_tokens": 409,
        "tail": " conditions of the ground as alleged by the respondent. The record establishes the respondent's specific allegation of sub-letting to United Automobiles without",
        "allowed_count": 246908,
        "standalone_quote_id": [
          1
        ],
        "standalone_quote_allowed": true,
        "eos_allowed": false
      }
    },
    {
      "method": "B",
      "bad": [],
      "last": {
        "generated_tokens": 99,
        "tail": "nsent for subletting to an associate concern without further landlord permission. The lease clause grants written consent for subletting to an associate concern",
        "allowed_count": 246908,
        "standalone_quote_id": [
          1
        ],
        "standalone_quote_allowed": true,
        "eos_allowed": false
      }
    }
  ],
  "fixture_bad": [
    {
      "i": 7,
      "token": 10152,
      "decoded": ".\","
    }
  ],
  "eos": true
}
