METHOD 661475 A2
START stage1 input 8778
PROGRESS stage1 256 28.5
PROGRESS stage1 512 44.0
PROGRESS stage1 768 59.3
PROGRESS stage1 1024 75.5
PROGRESS stage1 1280 91.0
PROGRESS stage1 1536 106.6
PROGRESS stage1 1792 122.6
PROGRESS stage1 2048 140.0
PROGRESS stage1 2048 140.0
END stage1 OUTPUT_TRUNCATED 140.0
METHOD 661475 B2
START stage1 input 9565
PROGRESS stage1 256 29.0
PROGRESS stage1 512 42.4
PROGRESS stage1 768 55.7
PROGRESS stage1 1024 68.8
PROGRESS stage1 1280 82.4
PROGRESS stage1 1536 97.0
END stage1 OK 98.4
START stage2 input 13035
PROGRESS stage2 256 44.8
PROGRESS stage2 512 61.4
PROGRESS stage2 768 78.4
PROGRESS stage2 1024 96.9
PROGRESS stage2 1280 118.8
PROGRESS stage2 1536 137.6
PROGRESS stage2 1792 155.2
PROGRESS stage2 2048 173.5
PROGRESS stage2 2048 173.5
END stage2 OUTPUT_TRUNCATED 173.5
METHOD 69305 A2
START stage1 input 7826
PROGRESS stage1 256 31.5
PROGRESS stage1 512 48.0
PROGRESS stage1 768 64.5
PROGRESS stage1 1024 82.4
PROGRESS stage1 1280 99.3
PROGRESS stage1 1536 121.1
PROGRESS stage1 1792 141.1
PROGRESS stage1 2048 162.9
PROGRESS stage1 2048 162.9
END stage1 OUTPUT_TRUNCATED 163.0
METHOD 69305 B2
START stage1 input 8613
PROGRESS stage1 256 38.1
PROGRESS stage1 512 58.0
PROGRESS stage1 768 75.4
PROGRESS stage1 1024 92.4
PROGRESS stage1 1280 110.4
PROGRESS stage1 1536 128.1
END stage1 OK 142.0
START stage2 input 11066
PROGRESS stage2 256 49.9
PROGRESS stage2 512 71.0
PROGRESS stage2 768 93.5
PROGRESS stage2 1024 117.5
PROGRESS stage2 1280 139.7
PROGRESS stage2 1536 162.4
PROGRESS stage2 1792 184.9
END stage2 OK 200.2
METHOD 1134266 A2
START stage1 input 7895
PROGRESS stage1 256 40.4
PROGRESS stage1 512 60.4
PROGRESS stage1 768 80.9
PROGRESS stage1 1024 101.9
PROGRESS stage1 1280 124.1
PROGRESS stage1 1536 146.6
END stage1 OK 150.4
START stage2 input 9486
PROGRESS stage2 256 52.2
PROGRESS stage2 512 77.4
PROGRESS stage2 768 101.0
PROGRESS stage2 1024 122.2
PROGRESS stage2 1280 143.3
PROGRESS stage2 1536 164.9
PROGRESS stage2 1792 186.3
END stage2 OK 186.3
METHOD 1134266 B2
START stage1 input 8682
PROGRESS stage1 256 39.4
PROGRESS stage1 512 58.0
PROGRESS stage1 768 75.9
PROGRESS stage1 1024 94.2
PROGRESS stage1 1280 112.4
PROGRESS stage1 1536 130.7
PROGRESS stage1 1792 149.1
PROGRESS stage1 2048 166.4
PROGRESS stage1 2048 166.4
END stage1 OUTPUT_TRUNCATED 166.4
