START stage1 input 7829
PROGRESS stage1 256 26.8
PROGRESS stage1 512 41.4
PROGRESS stage1 768 55.7
END stage1 OK 62.7
START stage1 input 8715
PROGRESS stage1 256 27.6
PROGRESS stage1 512 41.0
PROGRESS stage1 768 54.8
PROGRESS stage1 1024 68.6
PROGRESS stage1 1280 81.9
PROGRESS stage1 1536 95.9
PROGRESS stage1 1792 109.4
PROGRESS stage1 2048 123.9
END stage1 OK 127.1
START final input 8794
PROGRESS final 256 29.1
PROGRESS final 512 44.6
PROGRESS final 768 60.7
PROGRESS final 1024 77.3
END final REPETITION_ABORT 84.4
