START D input 9868
PROGRESS D 256 32.4
PROGRESS D 512 49.4
END D OK 64.2
START B-proposal input 9667
PROGRESS B-proposal 256 32.0
PROGRESS B-proposal 512 46.5
PROGRESS B-proposal 768 61.3
PROGRESS B-proposal 1024 76.3
PROGRESS B-proposal 1280 91.6
PROGRESS B-proposal 1536 106.9
END B-proposal OK 109.8
START B-P input 11439
PROGRESS B-P 256 36.2
PROGRESS B-P 512 53.0
PROGRESS B-P 768 71.0
END B-P OK 71.8
START D input 8985
PROGRESS D 256 32.4
PROGRESS D 512 49.9
END D OK 64.8
START B-proposal input 8784
PROGRESS B-proposal 256 31.7
PROGRESS B-proposal 512 48.0
PROGRESS B-proposal 768 63.7
PROGRESS B-proposal 1024 79.7
PROGRESS B-proposal 1280 95.4
PROGRESS B-proposal 1536 111.1
PROGRESS B-proposal 1792 126.6
END B-proposal OK 142.1
START B-P input 11015
PROGRESS B-P 256 38.3
PROGRESS B-P 512 53.9
PROGRESS B-P 768 71.1
END B-P OK 83.6
