START D input 8916
PROGRESS D 256 31.4
PROGRESS D 512 47.9
END D OK 53.1
START A-notes input 7829
PROGRESS A-notes 256 30.5
PROGRESS A-notes 512 46.3
END A-notes OK 59.1
START A-clean input 9461
PROGRESS A-clean 256 37.4
PROGRESS A-clean 512 55.9
PROGRESS A-clean 768 76.3
PROGRESS A-clean 1024 97.6
END A-clean OK 118.8
START B-proposal input 8715
PROGRESS B-proposal 256 50.4
PROGRESS B-proposal 512 70.3
PROGRESS B-proposal 768 90.3
PROGRESS B-proposal 1024 111.4
PROGRESS B-proposal 1280 133.3
PROGRESS B-proposal 1536 154.0
PROGRESS B-proposal 1792 174.7
END B-proposal OK 182.1
START B-P input 10779
PROGRESS B-P 256 53.4
PROGRESS B-P 512 75.4
END B-P OK 92.0
START B-C input 15433
PROGRESS B-C 256 71.5
PROGRESS B-C 512 94.9
PROGRESS B-C 768 118.5
END B-C OK 119.2
