START A input 8784
PROGRESS A 256 26.9
PROGRESS A 512 39.9
PROGRESS A 768 53.0
PROGRESS A 1024 66.7
END A OK 75.6
START P input 8790
PROGRESS P 256 26.5
PROGRESS P 512 39.4
PROGRESS P 768 51.9
PROGRESS P 1024 64.5
PROGRESS P 1280 77.7
PROGRESS P 1536 91.9
PROGRESS P 1792 106.0
PROGRESS P 2048 119.7
PROGRESS P 2304 133.8
PROGRESS P 2560 147.9
PROGRESS P 2816 162.4
END P OK 170.7
START B input 11098
PROGRESS B 256 30.7
PROGRESS B 512 44.6
PROGRESS B 768 57.9
PROGRESS B 1024 71.6
END B OK 82.1
START A input 11949
PROGRESS A 256 36.3
PROGRESS A 512 50.5
PROGRESS A 768 65.5
PROGRESS A 1024 81.5
PROGRESS A 1280 97.4
PROGRESS A 1536 115.4
END A OK 119.2
START P input 11955
PROGRESS P 256 41.7
PROGRESS P 512 56.8
PROGRESS P 768 72.9
PROGRESS P 1024 88.7
PROGRESS P 1280 104.4
PROGRESS P 1536 120.8
PROGRESS P 1792 137.1
PROGRESS P 2048 153.5
END P OK 168.4
START B input 13699
PROGRESS B 256 47.8
PROGRESS B 512 63.7
PROGRESS B 768 80.5
PROGRESS B 1024 97.7
PROGRESS B 1280 114.8
END B OK 130.1
